
Running 1 test using 1 worker

node.exe : 
[1A[2K[2m[WebServer] 
[22mBrowserslist: 
browsers data 
(caniuse-lite) is 9 
months old. Please run:
At C:\Program 
Files\nodejs\npx.ps1:29 
char:3
+   & $NODE_EXE 
$NPX_CLI_JS $args
+   ~~~~~~~~~~~~~~~~~~~~~~
~~~~~~~
    + CategoryInfo        
      : NotSpecified: (  
  [1A[2K[2m[We...ld.    
 Please run::String) [    
], RemoteException
    + FullyQualifiedError 
   Id : NativeCommandErr  
  or
 
[2m[WebServer] [22m  
npx update-browserslist-db
@latest
[2m[WebServer] [22m  
Why you should do it 
regularly: https://github.
com/browserslist/update-db
#readme

[1A[2K[1/1] [chromium] ΓÇ║ tests\e2e\activities.spec.ts:81:5 ΓÇ║ Activities E2E Workflow ΓÇ║ should show Assign To field in Supervisor Planning mode
[1A[2K  1) [chromium] ΓÇ║ tests\e2e\activities.spec.ts:81:5 ΓÇ║ Activities E2E Workflow ΓÇ║ should show Assign To field in Supervisor Planning mode 

    Error: [2mexpect([22m[31mlocator[39m[2m).[22mtoBeVisible[2m([22m[2m)[22m failed

    Locator: getByText('1. Assign To (Optional)')
    Expected: visible
    Timeout: 10000ms
    Error: element(s) not found

    Call log:
    [2m  - Expect "toBeVisible" with timeout 10000ms[22m
    [2m  - waiting for getByText('1. Assign To (Optional)')[22m


      84 |
      85 |         const assignField = page.getByText('1. Assign To (Optional)');
    > 86 |         await expect(assignField).toBeVisible({ timeout: 10000 });
         |                                   ^
      87 |         
      88 |         const dropdown = page.getByText('Anyone (Open Instruction)');
      89 |         await expect(dropdown).toBeVisible();
        at C:\Users\shriy\OneDrive\Desktop\aquanexus\tests\e2e\activities.spec.ts:86:35

    Error Context: test-results\activities-Activities-E2E--c2b98-in-Supervisor-Planning-mode-chromium\error-context.md


[1A[2K  1 failed
    [chromium] ΓÇ║ tests\e2e\activities.spec.ts:81:5 ΓÇ║ Activities E2E Workflow ΓÇ║ should show Assign To field in Supervisor Planning mode 

[36m  Serving HTML report at http://localhost:21893. Press Ctrl+C to quit.[39m
